// Vitest Snapshot v1, https://vitest.dev/guide/snapshot.html

exports[`FileInput > match snapshot 1`] = `
<div>
  <label
    class="text-sm font-medium leading-none peer-disabled:cursor-not-allowed peer-disabled:opacity-70"
    for="file-input-id"
  />
  <input
    aria-label="File input"
    class="flex h-9 w-full rounded-md border border-input bg-transparent px-3 py-1 text-base shadow-sm transition-colors file:border-0 file:bg-transparent file:text-sm file:font-medium file:text-foreground placeholder:text-muted-foreground focus-visible:outline-none focus-visible:ring-1 focus-visible:ring-ring disabled:cursor-not-allowed disabled:opacity-50 md:text-sm"
    id="file-input-id"
    type="file"
  />
</div>
`;
